// Jest Snapshot v1, https://goo.gl/fbAQLP

exports[`WhiteSpace 1`] = `
<div
  style={
    Object {
      "backgroundColor": undefined,
      "height": 20,
      "width": "100%",
    }
  }
/>
`;
